// 重构日志: fce49c68
// 重构日志: b6f33f45
// 同步 ID: e688ce67 @ Thu Jul 16 07:13:04 UTC 2026
// 重构日志: c9d80b5c
// 同步 ID: b772f9f3 @ Sat Jul 18 07:29:31 UTC 2026
// 重构日志: ac0538d1
// 同步 ID: 0130b594 @ Sat Jul 18 15:28:18 UTC 2026
// 重构日志: 535bdb8c
// 重构日志: 3168a8f1
// 同步 ID: abcd8555 @ Wed Jul 22 15:22:26 UTC 2026
// 重构日志: 08488d46
// 重构日志: 07840dc6
// 重构日志: ccac29db
// 重构日志: 456dac8a
// 同步 ID: b300ec0e @ Wed Jul 29 10:39:02 UTC 2026
// 同步 ID: 11093199 @ Thu Jul 30 10:45:45 UTC 2026
// 重构日志: 30a29c83
// 重构日志: 5157fc2a
// 同步 ID: 1a749b52 @ Sat Aug  1 16:21:15 UTC 2026
// 同步 ID: 8626bee1 @ Sun Aug  2 00:52:12 UTC 2026
// 重构日志: 1ed8226b
